<html>
<body>
<pre>
<h1>µVision Build Log</h1>
<h2>Tool Versions:</h2>
IDE-Version: µVision V5.26.2.0
Copyright (C) 2018 ARM Ltd and ARM Germany GmbH. All rights reserved.
License Information: a a, a, LIC=----
 
Tool Versions:
Toolchain:       MDK-Lite  Version: 5.26.2.0
Toolchain Path:  C:\Keil_v5\ARM\ARMCC\Bin
C Compiler:      Armcc.exe V5.06 update 6 (build 750)
Assembler:       Armasm.exe V5.06 update 6 (build 750)
Linker/Locator:  ArmLink.exe V5.06 update 6 (build 750)
Library Manager: ArmAr.exe V5.06 update 6 (build 750)
Hex Converter:   FromElf.exe V5.06 update 6 (build 750)
CPU DLL:         SARMCM3.DLL V5.26.2.0
Dialog DLL:      DCM.DLL V1.17.2.0
Target DLL:      Segger\JL2CM3.dll V2.99.31.0
Dialog DLL:      TCM.DLL V1.36.1.0
 
<h2>Project:</h2>
D:\eLAB_Experiments\LED_Blinking\MDK-ARM\LED1.uvprojx
Project File Date:  10/07/2021

<h2>Output:</h2>
*** Using Compiler 'V5.06 update 6 (build 750)', folder: 'C:\Keil_v5\ARM\ARMCC\Bin'
Rebuild target 'LED1'
assembling startup_stm32g431xx.s...
compiling main.c...
../Src/main.c(99): warning:  #188-D: enumerated type mixed with another type
                HAL_GPIO_WritePin(GPIOB,GPIO_PIN_1,1);
../Src/main.c(101): warning:  #188-D: enumerated type mixed with another type
                HAL_GPIO_WritePin(GPIOB,GPIO_PIN_1,0);
../Src/main.c(104): warning:  #188-D: enumerated type mixed with another type
                HAL_GPIO_WritePin(GPIOB,GPIO_PIN_2,1);
../Src/main.c(106): warning:  #188-D: enumerated type mixed with another type
                HAL_GPIO_WritePin(GPIOB,GPIO_PIN_2,0);
../Src/main.c: 4 warnings, 0 errors
compiling stm32g4xx_it.c...
compiling stm32g4xx_hal_msp.c...
compiling stm32g4xx_hal_tim.c...
compiling stm32g4xx_hal_tim_ex.c...
compiling stm32g4xx_hal_pwr_ex.c...
compiling stm32g4xx_hal.c...
compiling stm32g4xx_hal_rcc.c...
compiling stm32g4xx_hal_rcc_ex.c...
compiling stm32g4xx_hal_flash.c...
compiling stm32g4xx_hal_flash_ex.c...
compiling stm32g4xx_hal_flash_ramfunc.c...
compiling stm32g4xx_hal_gpio.c...
compiling stm32g4xx_hal_exti.c...
compiling stm32g4xx_hal_dma.c...
compiling stm32g4xx_hal_dma_ex.c...
compiling stm32g4xx_hal_pwr.c...
compiling stm32g4xx_hal_cortex.c...
compiling system_stm32g4xx.c...
linking...
Program Size: Code=3140 RO-data=520 RW-data=16 ZI-data=1024  
FromELF: creating hex file...
"LED1\LED1.axf" - 0 Error(s), 4 Warning(s).

<h2>Software Packages used:</h2>

Package Vendor: ARM
                http://www.keil.com/pack/ARM.CMSIS.5.4.0.pack
                ARM.CMSIS.5.4.0
                CMSIS (Cortex Microcontroller Software Interface Standard)
   * Component: CORE Version: 5.1.2

Package Vendor: Keil
                http://www.keil.com/pack/Keil.STM32G4xx_DFP.1.4.0.pack
                Keil.STM32G4xx_DFP.1.4.0
                STMicroelectronics STM32G4 Series Device Support, Drivers and Examples

<h2>Collection of Component include folders:</h2>
  .\RTE\_LED1
  C:\Keil_v5\ARM\PACK\ARM\CMSIS\5.4.0\CMSIS\Core\Include
  C:\Keil_v5\ARM\PACK\Keil\STM32G4xx_DFP\1.4.0\Drivers\CMSIS\Device\ST\STM32G4xx\Include

<h2>Collection of Component Files used:</h2>

   * Component: ARM::CMSIS:CORE:5.1.2
Build Time Elapsed:  00:00:33
</pre>
</body>
</html>
